Relatorio colmeia:
 fax nut con gua for zan rai ovo lar pup mel pol nec cri zan rea
  80  80  40  40  40  40   1
    Favo   0:            celulas vazias:             100   1
                                 usadas: 100 100 100
Relatorio colmeia: 1 dia(s)
 fax nut con gua for zan rai ovo lar pup mel pol nec cri zan rea
  77  78  39  39  39  38   1
    Favo   0:            celulas vazias:   6  63     100   1
                                 usadas:  94  37 100
Relatorio colmeia: 2 dia(s)
 fax nut con gua for zan rai ovo lar pup mel pol nec cri zan rea
  44  46  23  23  23  21
    Favo   0:            celulas vazias:  10 100     100   1
                                 usadas:  90     100
Relatorio colmeia: 2 dia(s) 14 hora(s) 24 minuto(s)
 fax nut con gua for zan rai ovo lar pup mel pol nec cri zan rea

    Favo   0:            celulas vazias:  10 100     100   1
                                 usadas:  90     100
